<!DOCTYPE html>
<html>
<head>
  <style>
    .text-sm {
      font-size: 12px;
    }

    .text-blue {
      color: blue;
    }

    div {
      display: flex;
    }

    div {
      font-size: 14px !important;
    }

    @media (min-width: 640px) {
      .sm\:text-base {
        font-size: 16px;
      }
    }
  </style>
</head>
<body>
  <div class="text-blue text-sm sm:text-base" style="font-size: 14px; color: blue; display: flex">text</div>
</body>
</html>
