<!DOCTYPE html>
<html>
<head>

</head>
<body>
  <div class="text-blue text-sm" style="font-size: 14px; display: flex; color: blue">text-sm</div>
</body>
</html>
