<!DOCTYPE html>
<html>
<head>
  <style>
    .flex {
      display: flex;
    }

    body {
      color: blue;
    }

    h1 {
      color: #000;
      text-transform: uppercase;
    }

    p {
      font-style: italic;
    }
  </style>
</head>
<body style="">
  <h1 style="text-transform: uppercase">Heading</h1>
  <p class="flex" style="font-style: italic">Content</p>
</body>
</html>
