<!DOCTYPE html>
<html>
<head>

</head>
<body>
  <div class="text-blue text-sm" style="font-weight: bold; font-size: 14px; color: blue">text</div>
</body>
</html>
