<!DOCTYPE html>
<html>
<head>
  <style>
    p {
      font-style: italic !important;
      width: {{ width }};
    }
  </style>
</head>
<body>
  <p style="font-style: italic; width: {{ width }};">Content</p>
</body>
</html>
