<!DOCTYPE html>
<html>
<head>
  <style>body {
 background-color: gray;
}</style>
</head>
<body style="background-color: gray"></body>
</html>
