<!DOCTYPE html>
<html>
<head>

</head>
<body>
  <div class="text-blue text-sm" style="font-size: 14px; color: blue; display: flex">text</div>
</body>
</html>
