<!DOCTYPE html>
<html>
<head>
  <style>@media (min-width: 640px) {
      .text-sm {
        font-size: 16px;
      }
    }</style>
</head>
<body>
  <div class="text-blue text-sm" data-attr-no-quotes style="font-size: 14px !important; color: blue; display: flex">text</div>
</body>
</html>
