<!DOCTYPE html>
<html>
<head>
  <style>@media screen {
      .flex {
        display: flex;
      }
    }</style>
</head>
<body>
  <p class="flex" style="display: flex">a</p>
</body>
</html>
