<!DOCTYPE html>
<html>
<head>
  <style>
    .text-sm {
      font-size: 12px;
    }

    @media (min-width: 640px) {
      .text-sm {
        font-size: 16px;
      }
    }
  </style>
</head>
<body>
  <div class="text-sm" style="font-size: 12px">text</div>
</body>
</html>
