<!DOCTYPE html>
<html>
<head>
  <style>.text-sm {
      font-size: 12px;
    } .text-blue {
      color: blue;
    } @media (min-width: 640px) {
      .text-sm {
        font-size: 16px;
      }
    }</style>
</head>
<body>
  <div class="text-blue text-sm" style="font-size: 12px; color: blue">text</div>
</body>
</html>
