<!DOCTYPE html>
<html>
<head>

</head>
<body>
  <div class="text-blue text-sm" style="font-size: 12px; color: blue">text</div>
</body>
</html>
