<!DOCTYPE html>
<html>
<head>
  <style>
    .flex {
      display: flex;
    }

    body {
      color: blue;
    }

    h1 {
      text-transform: uppercase;
    }

    p {
      color: red;
    }
  </style>
</head>
<body>
  <h1 style="text-transform: uppercase">Heading</h1>
  <p class="flex" style="color: red">Content</p>
</body>
</html>
