<!DOCTYPE html>
<html>
<head>
  <style>
    .flex {
      display: flex;
    }

    p {
      color: red;
    }
  </style>
  <style>#title {
      color: #000;
    } .blue {
      color: blue;
    } .inline {
      display: inline;
    }</style>
</head>
<body>
  <p class="flex blue" style="color: blue">a</p>
  <div class="blue inline">b</div>
  <h1 id="title">Title</h1>
</body>
</html>
