<!DOCTYPE html>
<html>
<body>
  <style>
    .text-sm {
      font-size: 12px;
    }

    .text-blue {
      color: blue;
    }

    div {
      display: flex;
    }

    div {
      font-size: 14px !important;
    }
  </style>
  <div class="text-blue text-sm" style="font-size: 14px; color: blue; display: flex">text</div>
</body>
</html>
